
> pagina-usuario-admin@0.1.0 build
> vite build

[36mvite v6.3.5 [32mbuilding for production...[36m[39m
transforming...
[32mÔ£ô[39m 2417 modules transformed.
rendering chunks...
computing gzip size...
[2mbuild/[22m[32mindex.html                 [39m[1m[2m    0.49 kB[22m[1m[22m[2m Ôöé gzip:   0.33 kB[22m
[2mbuild/[22m[35massets/index-BByLJijz.css  [39m[1m[2m   57.05 kB[22m[1m[22m[2m Ôöé gzip:   9.48 kB[22m
[2mbuild/[22m[36massets/index-DXlZEI5t.js   [39m[1m[33m1,125.92 kB[39m[22m[2m Ôöé gzip: 285.87 kB[22m
node.exe : [33m
En C:\Program Files\nodejs\npm.ps1: 29 Carácter: 3
+   & $NODE_EXE $NPM_CLI_JS $args
+   ~~~~~~~~~~~~~~~~~~~~~~~~~~~~~
    + CategoryInfo          : NotSpecified: ([33m:String) [], RemoteException
    + FullyQualifiedErrorId : NativeCommandError
 
(!) Some chunks are larger than 500 kB after minification. Consider:
- Using dynamic import() to code-split the application
- Use build.rollupOptions.output.manualChunks to improve chunking: 
https://rollupjs.org/configuration-options/#output-manualchunks
- Adjust chunk size limit for this warning via 
build.chunkSizeWarningLimit.[39m
[32mÔ£ô built in 10.42s[39m
